// Jest Snapshot v1, https://goo.gl/fbAQLP

exports[`should report with CSV 1`] = `
"Métrique,Valeur,Informations complémentaires
EcoIndex,56/100,
Note,C,
GES,1.88eqCO2,Pour un total de 2000 visites par mois, ceci correspond à 42km en voiture (Peugeot 208 5P 1.6 BlueHDi FAP (75ch) BVM5)
Eau,2.82cl,Pour un total de 2000 visites par mois, ceci correspond à 1 douche"
`;

exports[`should report with JSON 1`] = `
"[
  {
    "label": "EcoIndex",
    "value": 56
  },
  {
    "label": "Note",
    "value": "C"
  },
  {
    "label": "GES",
    "value": 1.88,
    "unit": "gCO2e",
    "comment": "Pour un total de 2000 visites par mois, ceci correspond à 42km en voiture (Peugeot 208 5P 1.6 BlueHDi FAP (75ch) BVM5)"
  },
  {
    "label": "Eau",
    "value": 2.82,
    "unit": "cl",
    "comment": "Pour un total de 2000 visites par mois, ceci correspond à 1 douche"
  }
]"
`;

exports[`should report with TABLE 1`] = `
"[90m┌──────────┬───────────┬────────────────────────────────────────────────────────────────────────────────────────────────────────────────────────┐[39m
[90m│[39m[31m Métrique [39m[90m│[39m[31m Valeur    [39m[90m│[39m[31m Informations complémentaires                                                                                           [39m[90m│[39m
[90m├──────────┼───────────┼────────────────────────────────────────────────────────────────────────────────────────────────────────────────────────┤[39m
[90m│[39m EcoIndex [90m│[39m 56/100    [90m│[39m                                                                                                                        [90m│[39m
[90m├──────────┼───────────┼────────────────────────────────────────────────────────────────────────────────────────────────────────────────────────┤[39m
[90m│[39m Note     [90m│[39m C         [90m│[39m                                                                                                                        [90m│[39m
[90m├──────────┼───────────┼────────────────────────────────────────────────────────────────────────────────────────────────────────────────────────┤[39m
[90m│[39m GES      [90m│[39m 1.88eqCO2 [90m│[39m Pour un total de 2000 visites par mois, ceci correspond à 42km en voiture (Peugeot 208 5P 1.6 BlueHDi FAP (75ch) BVM5) [90m│[39m
[90m├──────────┼───────────┼────────────────────────────────────────────────────────────────────────────────────────────────────────────────────────┤[39m
[90m│[39m Eau      [90m│[39m 2.82cl    [90m│[39m Pour un total de 2000 visites par mois, ceci correspond à 1 douche                                                     [90m│[39m
[90m└──────────┴───────────┴────────────────────────────────────────────────────────────────────────────────────────────────────────────────────────┘[39m"
`;
